// Jest Snapshot v1, https://jestjs.io/docs/snapshot-testing

exports[`Header component renders basics and matches snapshot 1`] = `
<div>
  <header
    class="flex justify-between items-center mt-10"
    data-testid="header-component"
  >
    <a
      class="text-xl font-bold"
      href="/"
    >
      www.nortonalmeida.dev
    </a>
    <div
      class="flex justify-between items-center gap-4"
    >
      <div>
        <nav
          data-testid="nav-menubar"
        />
      </div>
      <button
        data-testid="mode-toggle"
        type="button"
      >
        Toggle
      </button>
    </div>
  </header>
</div>
`;
