// Jest Snapshot v1, https://goo.gl/fbAQLP

exports[`Home Page should render the page and match snapshot 1`] = `
<div>
  <div
    data-testid="home-page"
  >
    <section
      aria-label="Content"
      class="relative border rounded-md p-4 border-slate-300"
    >
      <span
        class="absolute -top-3.5 left-4 inline-block rounded-sm bg-background px-2 text-xl font-bold dark:text-slate-200 text-slate-800"
      >
        Content
      </span>
      <p>
        Lorem ipsum dolor sit, amet consectetur adipisicing elit. Eius doloremque magni officia ex ullam inventore rerum sapiente soluta voluptatum quibusdam harum iusto alias, quis obcaecati consectetur iure animi distinctio. Unde.
      </p>
    </section>
  </div>
</div>
`;
