// Jest Snapshot v1, https://jestjs.io/docs/snapshot-testing

exports[`Home Page should render the page and match snapshot 1`] = `
<div>
  <div
    class="space-y-6 pb-12"
    data-testid="home-page"
  >
    <section
      class="hero relative flex flex-col items-start justify-center min-h-[85vh] py-10 gap-8 overflow-hidden"
    >
      <div
        class="space-y-6 max-w-4xl"
      >
        <div
          class="space-y-3"
        >
          <h1
            class="text-5xl font-extrabold tracking-tight lg:text-7xl bg-clip-text text-transparent bg-gradient-to-r from-slate-900 to-slate-500 dark:from-white dark:to-slate-400 pb-2 min-h-[1.2em]"
          >
            Norton Almeida
          </h1>
          <h2
            class="font-mono text-xl text-slate-600 dark:text-slate-300 min-h-[1.75rem]"
          >
            Vue/Nuxt Specialist · Full Stack Developer
          </h2>
        </div>
        <div
          class="flex flex-wrap gap-2 text-sm text-muted-foreground font-mono"
        >
          <span
            class="px-2 py-1 rounded-md bg-slate-100 dark:bg-slate-800/50 border border-slate-200 dark:border-slate-700/50"
          >
            JavaScript
          </span>
          <span
            class="px-2 py-1 rounded-md bg-slate-100 dark:bg-slate-800/50 border border-slate-200 dark:border-slate-700/50"
          >
            TypeScript
          </span>
          <span
            class="px-2 py-1 rounded-md bg-slate-100 dark:bg-slate-800/50 border border-slate-200 dark:border-slate-700/50"
          >
            Vue
          </span>
          <span
            class="px-2 py-1 rounded-md bg-slate-100 dark:bg-slate-800/50 border border-slate-200 dark:border-slate-700/50"
          >
            Nuxt
          </span>
          <span
            class="px-2 py-1 rounded-md bg-slate-100 dark:bg-slate-800/50 border border-slate-200 dark:border-slate-700/50"
          >
            React
          </span>
          <span
            class="px-2 py-1 rounded-md bg-slate-100 dark:bg-slate-800/50 border border-slate-200 dark:border-slate-700/50"
          >
            Next.js
          </span>
          <span
            class="px-2 py-1 rounded-md bg-slate-100 dark:bg-slate-800/50 border border-slate-200 dark:border-slate-700/50"
          >
            Node.js
          </span>
          <span
            class="px-2 py-1 rounded-md bg-slate-100 dark:bg-slate-800/50 border border-slate-200 dark:border-slate-700/50"
          >
            NestJS
          </span>
          <span
            class="px-2 py-1 rounded-md bg-slate-100 dark:bg-slate-800/50 border border-slate-200 dark:border-slate-700/50"
          >
            ElysiaJS
          </span>
          <span
            class="px-2 py-1 rounded-md bg-slate-100 dark:bg-slate-800/50 border border-slate-200 dark:border-slate-700/50"
          >
            Bun
          </span>
        </div>
        <div>
          <p
            class="max-w-2xl text-lg leading-relaxed text-slate-600 dark:text-slate-400 min-h-[6rem]"
          >
            Senior Front-End Developer with 20+ years in technology and 10+ years of dedicated front-end expertise. Proven track record as a consultant for Fortune 500 companies, delivering high-performance web applications and mentoring development teams.
            <br />
            <span
              class="block mt-4 text-sm text-slate-500 italic"
            >
              Bachelor’s in Information Systems • Postgrad Solutions Architect (2025–2026)
            </span>
          </p>
        </div>
        <div
          class="flex gap-4 pt-4"
        >
          <a
            class="inline-flex items-center justify-center gap-2 whitespace-nowrap text-sm font-medium disabled:pointer-events-none disabled:opacity-50 [&_svg]:pointer-events-none [&_svg:not([class*='size-'])]:size-4 shrink-0 [&_svg]:shrink-0 outline-none focus-visible:border-ring focus-visible:ring-ring/50 focus-visible:ring-[3px] aria-invalid:ring-destructive/20 dark:aria-invalid:ring-destructive/40 aria-invalid:border-destructive bg-primary text-primary-foreground hover:bg-primary/90 h-10 has-[>svg]:px-4 rounded-full px-8 shadow-lg shadow-primary/20 hover:shadow-primary/30 transition-shadow"
            data-slot="button"
            href="mailto:norton.almeida@gmail.com"
          >
            <svg
              aria-hidden="true"
              class="lucide lucide-mail mr-2 h-4 w-4"
              fill="none"
              height="24"
              stroke="currentColor"
              stroke-linecap="round"
              stroke-linejoin="round"
              stroke-width="2"
              viewBox="0 0 24 24"
              width="24"
              xmlns="http://www.w3.org/2000/svg"
            >
              <rect
                height="16"
                rx="2"
                width="20"
                x="2"
                y="4"
              />
              <path
                d="m22 7-8.97 5.7a1.94 1.94 0 0 1-2.06 0L2 7"
              />
            </svg>
             Get in Touch
          </a>
          <div
            class="flex gap-2"
          >
            <a
              class="inline-flex items-center justify-center gap-2 whitespace-nowrap text-sm font-medium transition-all disabled:pointer-events-none disabled:opacity-50 [&_svg]:pointer-events-none [&_svg:not([class*='size-'])]:size-4 shrink-0 [&_svg]:shrink-0 outline-none focus-visible:border-ring focus-visible:ring-ring/50 focus-visible:ring-[3px] aria-invalid:ring-destructive/20 dark:aria-invalid:ring-destructive/40 aria-invalid:border-destructive border bg-background shadow-xs hover:bg-accent hover:text-accent-foreground dark:bg-input/30 dark:border-input dark:hover:bg-input/50 size-9 rounded-full"
              data-slot="button"
              href="https://linkedin.com/in/norton-almeida"
              rel="noopener noreferrer"
              target="_blank"
              title="LinkedIn"
            >
              <svg
                aria-hidden="true"
                class="lucide lucide-linkedin h-5 w-5"
                fill="none"
                height="24"
                stroke="currentColor"
                stroke-linecap="round"
                stroke-linejoin="round"
                stroke-width="2"
                viewBox="0 0 24 24"
                width="24"
                xmlns="http://www.w3.org/2000/svg"
              >
                <path
                  d="M16 8a6 6 0 0 1 6 6v7h-4v-7a2 2 0 0 0-2-2 2 2 0 0 0-2 2v7h-4v-7a6 6 0 0 1 6-6z"
                />
                <rect
                  height="12"
                  width="4"
                  x="2"
                  y="9"
                />
                <circle
                  cx="4"
                  cy="4"
                  r="2"
                />
              </svg>
            </a>
            <a
              class="inline-flex items-center justify-center gap-2 whitespace-nowrap text-sm font-medium transition-all disabled:pointer-events-none disabled:opacity-50 [&_svg]:pointer-events-none [&_svg:not([class*='size-'])]:size-4 shrink-0 [&_svg]:shrink-0 outline-none focus-visible:border-ring focus-visible:ring-ring/50 focus-visible:ring-[3px] aria-invalid:ring-destructive/20 dark:aria-invalid:ring-destructive/40 aria-invalid:border-destructive border bg-background shadow-xs hover:bg-accent hover:text-accent-foreground dark:bg-input/30 dark:border-input dark:hover:bg-input/50 size-9 rounded-full"
              data-slot="button"
              href="https://github.com/nortonx"
              rel="noopener noreferrer"
              target="_blank"
              title="GitHub"
            >
              <svg
                aria-hidden="true"
                class="lucide lucide-github h-5 w-5"
                fill="none"
                height="24"
                stroke="currentColor"
                stroke-linecap="round"
                stroke-linejoin="round"
                stroke-width="2"
                viewBox="0 0 24 24"
                width="24"
                xmlns="http://www.w3.org/2000/svg"
              >
                <path
                  d="M15 22v-4a4.8 4.8 0 0 0-1-3.5c3 0 6-2 6-5.5.08-1.25-.27-2.48-1-3.5.28-1.15.28-2.35 0-3.5 0 0-1 0-3 1.5-2.64-.5-5.36-.5-8 0C6 2 5 2 5 2c-.3 1.15-.3 2.35 0 3.5A5.403 5.403 0 0 0 4 9c0 3.5 3 5.5 6 5.5-.39.49-.68 1.05-.85 1.65-.17.6-.22 1.23-.15 1.85v4"
                />
                <path
                  d="M9 18c-4.51 2-5-2-7-2"
                />
              </svg>
            </a>
          </div>
        </div>
      </div>
    </section>
    <div
      class="scroll-animated-section w-full"
    >
      <section
        aria-label="About"
        class="x-section relative py-4 md:py-6"
        id="about"
      >
        <div
          class="flex items-center gap-4 mb-4 md:mb-6"
        >
          <h2
            class="font-mono text-3xl font-bold tracking-tight text-slate-900 dark:text-slate-100 shrink-0"
          >
            About
          </h2>
          <div
            class="h-px bg-slate-200 dark:bg-slate-800 flex-grow"
          />
        </div>
        <div
          class="text-lg leading-relaxed text-slate-700 dark:text-slate-300 space-y-4 max-w-3xl"
        >
          <p>
            <span
              class="typewriter-text typewriter-text--visible"
            >
              Senior Front-End Developer with 20+ years in technology and 10+ years of dedicated front-end expertise. Vue/Nuxt specialist with strong React/Next.js experience. Proven track record as a consultant for Fortune 500 companies, delivering high-performance web applications, leading rebranding initiatives, and mentoring development teams.
            </span>
          </p>
          <p>
            <span
              class="typewriter-text typewriter-text--visible"
            >
              Skilled in modern JavaScript frameworks, responsive design, accessibility (WCAG), agile methodologies, and AI-augmented development workflows \\u2014 including custom productivity automations and code-review bots.
            </span>
          </p>
        </div>
      </section>
    </div>
    <div
      class="scroll-animated-section w-full"
    >
      <section
        aria-label="Experience"
        class="x-section relative py-4 md:py-6"
        id="experience"
      >
        <div
          class="flex items-center gap-4 mb-4 md:mb-6"
        >
          <h2
            class="font-mono text-3xl font-bold tracking-tight text-slate-900 dark:text-slate-100 shrink-0"
          >
            Experience
          </h2>
          <div
            class="h-px bg-slate-200 dark:bg-slate-800 flex-grow"
          />
        </div>
        <div
          class="timeline relative border-l-2 border-slate-200 dark:border-slate-800 ml-3 space-y-8 py-2"
        >
          <div
            class="relative pl-8 group"
          >
            <div
              class="absolute -left-[9px] top-1 h-4 w-4 rounded-full bg-slate-200 dark:bg-slate-800 border-4 border-background group-hover:bg-primary group-hover:scale-125 transition-all duration-300"
            />
            <div
              class="flex flex-col sm:flex-row sm:items-center sm:justify-between mb-2"
            >
              <h3
                class="text-xl font-bold text-slate-900 dark:text-slate-100 group-hover:text-primary transition-colors"
              >
                <span
                  class="typewriter-text typewriter-text--visible"
                >
                  Full Stack Developer
                </span>
              </h3>
              <span
                class="text-sm font-medium text-slate-500 dark:text-slate-400 bg-slate-100 dark:bg-slate-800/50 px-2 py-1 rounded"
              >
                <span
                  class="typewriter-text typewriter-text--visible"
                >
                  Dec 2025 - Present
                </span>
              </span>
            </div>
            <div
              class="mb-4"
            >
              <div
                class="text-base font-semibold text-slate-700 dark:text-slate-300"
              >
                <span
                  class="typewriter-text typewriter-text--visible"
                >
                  Amaris Consulting
                </span>
              </div>
              <div
                class="text-sm text-muted-foreground"
              >
                <span
                  class="typewriter-text typewriter-text--visible"
                >
                  Remote • Full-time
                </span>
              </div>
            </div>
            <div
              class="prose dark:prose-invert max-w-none text-slate-600 dark:text-slate-400 text-sm mb-4"
            >
              <span
                class="typewriter-text typewriter-text--visible"
              >
                Delivering senior front-end consulting for a Fortune 500 beverage industry client; building enterprise web applications with Vue.js and TypeScript on Microsoft Azure, with Azure DevOps pipelines.
              </span>
            </div>
            <ul
              class="list-disc list-outside ml-4 space-y-1 text-sm text-slate-600 dark:text-slate-400"
            >
              <li>
                <span
                  class="typewriter-text typewriter-text--visible"
                >
                  Built custom productivity workflows and automated code-reviewer bots leveraging LLMs to standardize reviews, catch regressions earlier, and compress feedback cycles across the team
                </span>
              </li>
              <li>
                <span
                  class="typewriter-text typewriter-text--visible"
                >
                  Driving code quality through reviews, unit/integration testing, and design-system alignment across distributed teams
                </span>
              </li>
            </ul>
          </div>
          <div
            class="relative pl-8 group"
          >
            <div
              class="absolute -left-[9px] top-1 h-4 w-4 rounded-full bg-slate-200 dark:bg-slate-800 border-4 border-background group-hover:bg-primary group-hover:scale-125 transition-all duration-300"
            />
            <div
              class="flex flex-col sm:flex-row sm:items-center sm:justify-between mb-2"
            >
              <h3
                class="text-xl font-bold text-slate-900 dark:text-slate-100 group-hover:text-primary transition-colors"
              >
                <span
                  class="typewriter-text typewriter-text--visible"
                >
                  Full-Stack Developer
                </span>
              </h3>
              <span
                class="text-sm font-medium text-slate-500 dark:text-slate-400 bg-slate-100 dark:bg-slate-800/50 px-2 py-1 rounded"
              >
                <span
                  class="typewriter-text typewriter-text--visible"
                >
                  Mar 2025 - Present
                </span>
              </span>
            </div>
            <div
              class="mb-4"
            >
              <div
                class="text-base font-semibold text-slate-700 dark:text-slate-300"
              >
                <span
                  class="typewriter-text typewriter-text--visible"
                >
                  NACS Ltda
                </span>
              </div>
              <div
                class="text-sm text-muted-foreground"
              >
                <span
                  class="typewriter-text typewriter-text--visible"
                >
                  Remote • Freelance
                </span>
              </div>
            </div>
            <div
              class="prose dark:prose-invert max-w-none text-slate-600 dark:text-slate-400 text-sm mb-4"
            >
              <span
                class="typewriter-text typewriter-text--visible"
              >
                Consultant for NACS clients, working as a Solutions Architect and Full Stack Developer.
              </span>
            </div>
            <ul
              class="list-disc list-outside ml-4 space-y-1 text-sm text-slate-600 dark:text-slate-400"
            >
              <li>
                <span
                  class="typewriter-text typewriter-text--visible"
                >
                  Built a Financial Tracker MVP using Nuxt 3, Vue 3, Shadcn/Tailwind, Nest.js, and PostgreSQL with Playwright E2E testing
                </span>
              </li>
              <li>
                <span
                  class="typewriter-text typewriter-text--visible"
                >
                  Developed platforms for multiple business domains (work safety, finance tracking) with full-stack ownership
                </span>
              </li>
              <li>
                <span
                  class="typewriter-text typewriter-text--visible"
                >
                  Delivered consulting services with agile methodologies and modern tooling (Bun, ElysiaJS, Drizzle, Pinia); integrated AI-assisted development (Claude Code, GitHub Copilot) to compress time-to-MVP while maintaining test coverage
                </span>
              </li>
            </ul>
          </div>
          <div
            class="relative pl-8 group"
          >
            <div
              class="absolute -left-[9px] top-1 h-4 w-4 rounded-full bg-slate-200 dark:bg-slate-800 border-4 border-background group-hover:bg-primary group-hover:scale-125 transition-all duration-300"
            />
            <div
              class="flex flex-col sm:flex-row sm:items-center sm:justify-between mb-2"
            >
              <h3
                class="text-xl font-bold text-slate-900 dark:text-slate-100 group-hover:text-primary transition-colors"
              >
                <span
                  class="typewriter-text typewriter-text--visible"
                >
                  Senior Frontend Developer
                </span>
              </h3>
              <span
                class="text-sm font-medium text-slate-500 dark:text-slate-400 bg-slate-100 dark:bg-slate-800/50 px-2 py-1 rounded"
              >
                <span
                  class="typewriter-text typewriter-text--visible"
                >
                  Jul 2024 - Mar 2025
                </span>
              </span>
            </div>
            <div
              class="mb-4"
            >
              <div
                class="text-base font-semibold text-slate-700 dark:text-slate-300"
              >
                <span
                  class="typewriter-text typewriter-text--visible"
                >
                  87Labs
                </span>
              </div>
              <div
                class="text-sm text-muted-foreground"
              >
                <span
                  class="typewriter-text typewriter-text--visible"
                >
                  Remote • Contract
                </span>
              </div>
            </div>
            <div
              class="prose dark:prose-invert max-w-none text-slate-600 dark:text-slate-400 text-sm mb-4"
            >
              <span
                class="typewriter-text typewriter-text--visible"
              >
                Consulted for Locaweb (major Brazilian ISP) on their Customer Central platform, delivering Vue.js component development and unit testing.
              </span>
            </div>
            <ul
              class="list-disc list-outside ml-4 space-y-1 text-sm text-slate-600 dark:text-slate-400"
            >
              <li>
                <span
                  class="typewriter-text typewriter-text--visible"
                >
                  Reverse-engineered undocumented legacy Ruby on Rails platform to enable modernization
                </span>
              </li>
              <li>
                <span
                  class="typewriter-text typewriter-text--visible"
                >
                  Automated deployment pipelines with Azure DevOps; monitored performance via Sentry and Grafana
                </span>
              </li>
            </ul>
          </div>
          <div
            class="relative pl-8 group"
          >
            <div
              class="absolute -left-[9px] top-1 h-4 w-4 rounded-full bg-slate-200 dark:bg-slate-800 border-4 border-background group-hover:bg-primary group-hover:scale-125 transition-all duration-300"
            />
            <div
              class="flex flex-col sm:flex-row sm:items-center sm:justify-between mb-2"
            >
              <h3
                class="text-xl font-bold text-slate-900 dark:text-slate-100 group-hover:text-primary transition-colors"
              >
                <span
                  class="typewriter-text typewriter-text--visible"
                >
                  Senior Frontend Developer
                </span>
              </h3>
              <span
                class="text-sm font-medium text-slate-500 dark:text-slate-400 bg-slate-100 dark:bg-slate-800/50 px-2 py-1 rounded"
              >
                <span
                  class="typewriter-text typewriter-text--visible"
                >
                  Nov 2023 - Aug 2024
                </span>
              </span>
            </div>
            <div
              class="mb-4"
            >
              <div
                class="text-base font-semibold text-slate-700 dark:text-slate-300"
              >
                <span
                  class="typewriter-text typewriter-text--visible"
                >
                  Public Defender’s Office of Minas Gerais
                </span>
              </div>
              <div
                class="text-sm text-muted-foreground"
              >
                <span
                  class="typewriter-text typewriter-text--visible"
                >
                  Hybrid • Belo Horizonte
                </span>
              </div>
            </div>
            <div
              class="prose dark:prose-invert max-w-none text-slate-600 dark:text-slate-400 text-sm mb-4"
            >
              <span
                class="typewriter-text typewriter-text--visible"
              >
                Developed Digital Signature UI in Vue.js, integrating with REST APIs to enable digital signing of legal petitions.
              </span>
            </div>
            <ul
              class="list-disc list-outside ml-4 space-y-1 text-sm text-slate-600 dark:text-slate-400"
            >
              <li>
                <span
                  class="typewriter-text typewriter-text--visible"
                >
                  Maintained and enhanced the internal Chat application with new components and desktop-optimized views
                </span>
              </li>
              <li>
                <span
                  class="typewriter-text typewriter-text--visible"
                >
                  Contributed to agile adoption and process improvement initiatives
                </span>
              </li>
            </ul>
          </div>
          <div
            class="relative pl-8 group"
          >
            <div
              class="absolute -left-[9px] top-1 h-4 w-4 rounded-full bg-slate-200 dark:bg-slate-800 border-4 border-background group-hover:bg-primary group-hover:scale-125 transition-all duration-300"
            />
            <div
              class="flex flex-col sm:flex-row sm:items-center sm:justify-between mb-2"
            >
              <h3
                class="text-xl font-bold text-slate-900 dark:text-slate-100 group-hover:text-primary transition-colors"
              >
                <span
                  class="typewriter-text typewriter-text--visible"
                >
                  Senior Frontend Developer / Consultant
                </span>
              </h3>
              <span
                class="text-sm font-medium text-slate-500 dark:text-slate-400 bg-slate-100 dark:bg-slate-800/50 px-2 py-1 rounded"
              >
                <span
                  class="typewriter-text typewriter-text--visible"
                >
                  Aug 2014 - Jul 2023
                </span>
              </span>
            </div>
            <div
              class="mb-4"
            >
              <div
                class="text-base font-semibold text-slate-700 dark:text-slate-300"
              >
                <span
                  class="typewriter-text typewriter-text--visible"
                >
                  Avenue Code
                </span>
              </div>
              <div
                class="text-sm text-muted-foreground"
              >
                <span
                  class="typewriter-text typewriter-text--visible"
                >
                  Hybrid • Belo Horizonte
                </span>
              </div>
            </div>
            <div
              class="prose dark:prose-invert max-w-none text-slate-600 dark:text-slate-400 text-sm mb-4"
            >
              <span
                class="typewriter-text typewriter-text--visible"
              >
                Served as front-end consultant for Fortune 500 companies across retail and automotive industries for 9 years; 5 years of dedicated AEM frontend development (HTL/Sightly, component/template authoring, clientlibs, Granite UI, Coral UI).
              </span>
            </div>
            <ul
              class="list-disc list-outside ml-4 space-y-1 text-sm text-slate-600 dark:text-slate-400"
            >
              <li>
                <span
                  class="typewriter-text typewriter-text--visible"
                >
                  Led implementation of Customer Journey for a Car Rental product as sole front-end developer, delivered on time and within budget
                </span>
              </li>
              <li>
                <span
                  class="typewriter-text typewriter-text--visible"
                >
                  Executed rebranding projects for 3 major car manufacturers, involving CSS overhauls and new component libraries
                </span>
              </li>
              <li>
                <span
                  class="typewriter-text typewriter-text--visible"
                >
                  Built and optimized Component Style Guide (CSG) and Storybook-based component libraries for department stores
                </span>
              </li>
              <li>
                <span
                  class="typewriter-text typewriter-text--visible"
                >
                  Performed REST API integration, A/B testing, and checkout optimization during peak Holiday seasons
                </span>
              </li>
              <li>
                <span
                  class="typewriter-text typewriter-text--visible"
                >
                  Mentored junior and mid-level developers; led onboarding, code reviews, and client presentations
                </span>
              </li>
            </ul>
          </div>
          <div
            class="relative pl-8 group"
          >
            <div
              class="absolute -left-[9px] top-1 h-4 w-4 rounded-full bg-slate-200 dark:bg-slate-800 border-4 border-background group-hover:bg-primary group-hover:scale-125 transition-all duration-300"
            />
            <div
              class="flex flex-col sm:flex-row sm:items-center sm:justify-between mb-2"
            >
              <h3
                class="text-xl font-bold text-slate-900 dark:text-slate-100 group-hover:text-primary transition-colors"
              >
                <span
                  class="typewriter-text typewriter-text--visible"
                >
                  Web Developer
                </span>
              </h3>
              <span
                class="text-sm font-medium text-slate-500 dark:text-slate-400 bg-slate-100 dark:bg-slate-800/50 px-2 py-1 rounded"
              >
                <span
                  class="typewriter-text typewriter-text--visible"
                >
                  2011 - 2014
                </span>
              </span>
            </div>
            <div
              class="mb-4"
            >
              <div
                class="text-base font-semibold text-slate-700 dark:text-slate-300"
              >
                <span
                  class="typewriter-text typewriter-text--visible"
                >
                  Self-Employed (Freelancer)
                </span>
              </div>
              <div
                class="text-sm text-muted-foreground"
              >
                <span
                  class="typewriter-text typewriter-text--visible"
                >
                  Belo Horizonte
                </span>
              </div>
            </div>
            <div
              class="prose dark:prose-invert max-w-none text-slate-600 dark:text-slate-400 text-sm mb-4"
            >
              <span
                class="typewriter-text typewriter-text--visible"
              >
                Developed a Ruby on Rails physical evaluation platform and WordPress websites for various clients.
              </span>
            </div>
            <ul
              class="list-disc list-outside ml-4 space-y-1 text-sm text-slate-600 dark:text-slate-400"
            >
              <li>
                <span
                  class="typewriter-text typewriter-text--visible"
                >
                  Set up testing environments with live hosting and Git for instant client review
                </span>
              </li>
            </ul>
          </div>
        </div>
      </section>
    </div>
    <div
      class="scroll-animated-section w-full"
    >
      <section
        aria-label="Education"
        class="x-section relative py-4 md:py-6"
        id="education"
      >
        <div
          class="flex items-center gap-4 mb-4 md:mb-6"
        >
          <h2
            class="font-mono text-3xl font-bold tracking-tight text-slate-900 dark:text-slate-100 shrink-0"
          >
            Education
          </h2>
          <div
            class="h-px bg-slate-200 dark:bg-slate-800 flex-grow"
          />
        </div>
        <div
          class="grid gap-4 md:grid-cols-2"
        >
          <div
            class="p-5 rounded-xl border border-slate-200 dark:border-slate-800 bg-slate-50 dark:bg-slate-900/50"
          >
            <h3
              class="text-xl font-bold mb-1"
            >
              <span
                class="typewriter-text typewriter-text--visible"
              >
                PUC Minas
              </span>
            </h3>
            <p
              class="text-muted-foreground font-medium mb-2"
            >
              <span
                class="typewriter-text typewriter-text--visible"
              >
                Postgraduate Degree, Solutions Architect
              </span>
            </p>
            <p
              class="text-sm text-slate-500"
            >
              <span
                class="typewriter-text typewriter-text--visible"
              >
                2025 \\u2013 2026
              </span>
            </p>
          </div>
          <div
            class="p-5 rounded-xl border border-slate-200 dark:border-slate-800 bg-slate-50 dark:bg-slate-900/50"
          >
            <h3
              class="text-xl font-bold mb-1"
            >
              <span
                class="typewriter-text typewriter-text--visible"
              >
                FCSL
              </span>
            </h3>
            <p
              class="text-muted-foreground font-medium mb-2"
            >
              <span
                class="typewriter-text typewriter-text--visible"
              >
                Bachelor\\u2019s in Information Systems
              </span>
            </p>
            <p
              class="text-sm text-slate-500"
            >
              <span
                class="typewriter-text typewriter-text--visible"
              >
                2013
              </span>
            </p>
          </div>
        </div>
      </section>
    </div>
    <div
      class="scroll-animated-section w-full"
    >
      <section
        aria-label="Skills"
        class="x-section relative py-4 md:py-6"
        id="skills"
      >
        <div
          class="flex items-center gap-4 mb-4 md:mb-6"
        >
          <h2
            class="font-mono text-3xl font-bold tracking-tight text-slate-900 dark:text-slate-100 shrink-0"
          >
            Skills
          </h2>
          <div
            class="h-px bg-slate-200 dark:bg-slate-800 flex-grow"
          />
        </div>
        <div
          class="skill-cloud flex flex-wrap gap-3"
        >
          <span
            class="px-4 py-2 bg-slate-50 dark:bg-slate-900 border border-slate-200 dark:border-slate-800 rounded-lg text-sm font-medium hover:border-primary/50 hover:bg-slate-100 dark:hover:bg-slate-800 transition-colors cursor-default shadow-sm"
          >
            <span
              class="typewriter-text typewriter-text--visible"
            >
              TypeScript
            </span>
          </span>
          <span
            class="px-4 py-2 bg-slate-50 dark:bg-slate-900 border border-slate-200 dark:border-slate-800 rounded-lg text-sm font-medium hover:border-primary/50 hover:bg-slate-100 dark:hover:bg-slate-800 transition-colors cursor-default shadow-sm"
          >
            <span
              class="typewriter-text typewriter-text--visible"
            >
              JavaScript
            </span>
          </span>
          <span
            class="px-4 py-2 bg-slate-50 dark:bg-slate-900 border border-slate-200 dark:border-slate-800 rounded-lg text-sm font-medium hover:border-primary/50 hover:bg-slate-100 dark:hover:bg-slate-800 transition-colors cursor-default shadow-sm"
          >
            <span
              class="typewriter-text typewriter-text--visible"
            >
              Vue.js
            </span>
          </span>
          <span
            class="px-4 py-2 bg-slate-50 dark:bg-slate-900 border border-slate-200 dark:border-slate-800 rounded-lg text-sm font-medium hover:border-primary/50 hover:bg-slate-100 dark:hover:bg-slate-800 transition-colors cursor-default shadow-sm"
          >
            <span
              class="typewriter-text typewriter-text--visible"
            >
              Nuxt.js
            </span>
          </span>
          <span
            class="px-4 py-2 bg-slate-50 dark:bg-slate-900 border border-slate-200 dark:border-slate-800 rounded-lg text-sm font-medium hover:border-primary/50 hover:bg-slate-100 dark:hover:bg-slate-800 transition-colors cursor-default shadow-sm"
          >
            <span
              class="typewriter-text typewriter-text--visible"
            >
              Vuex
            </span>
          </span>
          <span
            class="px-4 py-2 bg-slate-50 dark:bg-slate-900 border border-slate-200 dark:border-slate-800 rounded-lg text-sm font-medium hover:border-primary/50 hover:bg-slate-100 dark:hover:bg-slate-800 transition-colors cursor-default shadow-sm"
          >
            <span
              class="typewriter-text typewriter-text--visible"
            >
              Pinia
            </span>
          </span>
          <span
            class="px-4 py-2 bg-slate-50 dark:bg-slate-900 border border-slate-200 dark:border-slate-800 rounded-lg text-sm font-medium hover:border-primary/50 hover:bg-slate-100 dark:hover:bg-slate-800 transition-colors cursor-default shadow-sm"
          >
            <span
              class="typewriter-text typewriter-text--visible"
            >
              Quasar
            </span>
          </span>
          <span
            class="px-4 py-2 bg-slate-50 dark:bg-slate-900 border border-slate-200 dark:border-slate-800 rounded-lg text-sm font-medium hover:border-primary/50 hover:bg-slate-100 dark:hover:bg-slate-800 transition-colors cursor-default shadow-sm"
          >
            <span
              class="typewriter-text typewriter-text--visible"
            >
              React.js
            </span>
          </span>
          <span
            class="px-4 py-2 bg-slate-50 dark:bg-slate-900 border border-slate-200 dark:border-slate-800 rounded-lg text-sm font-medium hover:border-primary/50 hover:bg-slate-100 dark:hover:bg-slate-800 transition-colors cursor-default shadow-sm"
          >
            <span
              class="typewriter-text typewriter-text--visible"
            >
              Next.js
            </span>
          </span>
          <span
            class="px-4 py-2 bg-slate-50 dark:bg-slate-900 border border-slate-200 dark:border-slate-800 rounded-lg text-sm font-medium hover:border-primary/50 hover:bg-slate-100 dark:hover:bg-slate-800 transition-colors cursor-default shadow-sm"
          >
            <span
              class="typewriter-text typewriter-text--visible"
            >
              Node.js
            </span>
          </span>
          <span
            class="px-4 py-2 bg-slate-50 dark:bg-slate-900 border border-slate-200 dark:border-slate-800 rounded-lg text-sm font-medium hover:border-primary/50 hover:bg-slate-100 dark:hover:bg-slate-800 transition-colors cursor-default shadow-sm"
          >
            <span
              class="typewriter-text typewriter-text--visible"
            >
              Express
            </span>
          </span>
          <span
            class="px-4 py-2 bg-slate-50 dark:bg-slate-900 border border-slate-200 dark:border-slate-800 rounded-lg text-sm font-medium hover:border-primary/50 hover:bg-slate-100 dark:hover:bg-slate-800 transition-colors cursor-default shadow-sm"
          >
            <span
              class="typewriter-text typewriter-text--visible"
            >
              Nest.js
            </span>
          </span>
          <span
            class="px-4 py-2 bg-slate-50 dark:bg-slate-900 border border-slate-200 dark:border-slate-800 rounded-lg text-sm font-medium hover:border-primary/50 hover:bg-slate-100 dark:hover:bg-slate-800 transition-colors cursor-default shadow-sm"
          >
            <span
              class="typewriter-text typewriter-text--visible"
            >
              Ruby on Rails
            </span>
          </span>
          <span
            class="px-4 py-2 bg-slate-50 dark:bg-slate-900 border border-slate-200 dark:border-slate-800 rounded-lg text-sm font-medium hover:border-primary/50 hover:bg-slate-100 dark:hover:bg-slate-800 transition-colors cursor-default shadow-sm"
          >
            <span
              class="typewriter-text typewriter-text--visible"
            >
              HTML5
            </span>
          </span>
          <span
            class="px-4 py-2 bg-slate-50 dark:bg-slate-900 border border-slate-200 dark:border-slate-800 rounded-lg text-sm font-medium hover:border-primary/50 hover:bg-slate-100 dark:hover:bg-slate-800 transition-colors cursor-default shadow-sm"
          >
            <span
              class="typewriter-text typewriter-text--visible"
            >
              CSS3
            </span>
          </span>
          <span
            class="px-4 py-2 bg-slate-50 dark:bg-slate-900 border border-slate-200 dark:border-slate-800 rounded-lg text-sm font-medium hover:border-primary/50 hover:bg-slate-100 dark:hover:bg-slate-800 transition-colors cursor-default shadow-sm"
          >
            <span
              class="typewriter-text typewriter-text--visible"
            >
              SASS
            </span>
          </span>
          <span
            class="px-4 py-2 bg-slate-50 dark:bg-slate-900 border border-slate-200 dark:border-slate-800 rounded-lg text-sm font-medium hover:border-primary/50 hover:bg-slate-100 dark:hover:bg-slate-800 transition-colors cursor-default shadow-sm"
          >
            <span
              class="typewriter-text typewriter-text--visible"
            >
              LESS
            </span>
          </span>
          <span
            class="px-4 py-2 bg-slate-50 dark:bg-slate-900 border border-slate-200 dark:border-slate-800 rounded-lg text-sm font-medium hover:border-primary/50 hover:bg-slate-100 dark:hover:bg-slate-800 transition-colors cursor-default shadow-sm"
          >
            <span
              class="typewriter-text typewriter-text--visible"
            >
              Tailwind CSS
            </span>
          </span>
          <span
            class="px-4 py-2 bg-slate-50 dark:bg-slate-900 border border-slate-200 dark:border-slate-800 rounded-lg text-sm font-medium hover:border-primary/50 hover:bg-slate-100 dark:hover:bg-slate-800 transition-colors cursor-default shadow-sm"
          >
            <span
              class="typewriter-text typewriter-text--visible"
            >
              Shadcn
            </span>
          </span>
          <span
            class="px-4 py-2 bg-slate-50 dark:bg-slate-900 border border-slate-200 dark:border-slate-800 rounded-lg text-sm font-medium hover:border-primary/50 hover:bg-slate-100 dark:hover:bg-slate-800 transition-colors cursor-default shadow-sm"
          >
            <span
              class="typewriter-text typewriter-text--visible"
            >
              Storybook
            </span>
          </span>
          <span
            class="px-4 py-2 bg-slate-50 dark:bg-slate-900 border border-slate-200 dark:border-slate-800 rounded-lg text-sm font-medium hover:border-primary/50 hover:bg-slate-100 dark:hover:bg-slate-800 transition-colors cursor-default shadow-sm"
          >
            <span
              class="typewriter-text typewriter-text--visible"
            >
              Zustand
            </span>
          </span>
          <span
            class="px-4 py-2 bg-slate-50 dark:bg-slate-900 border border-slate-200 dark:border-slate-800 rounded-lg text-sm font-medium hover:border-primary/50 hover:bg-slate-100 dark:hover:bg-slate-800 transition-colors cursor-default shadow-sm"
          >
            <span
              class="typewriter-text typewriter-text--visible"
            >
              Jest
            </span>
          </span>
          <span
            class="px-4 py-2 bg-slate-50 dark:bg-slate-900 border border-slate-200 dark:border-slate-800 rounded-lg text-sm font-medium hover:border-primary/50 hover:bg-slate-100 dark:hover:bg-slate-800 transition-colors cursor-default shadow-sm"
          >
            <span
              class="typewriter-text typewriter-text--visible"
            >
              Vitest
            </span>
          </span>
          <span
            class="px-4 py-2 bg-slate-50 dark:bg-slate-900 border border-slate-200 dark:border-slate-800 rounded-lg text-sm font-medium hover:border-primary/50 hover:bg-slate-100 dark:hover:bg-slate-800 transition-colors cursor-default shadow-sm"
          >
            <span
              class="typewriter-text typewriter-text--visible"
            >
              React Testing Library
            </span>
          </span>
          <span
            class="px-4 py-2 bg-slate-50 dark:bg-slate-900 border border-slate-200 dark:border-slate-800 rounded-lg text-sm font-medium hover:border-primary/50 hover:bg-slate-100 dark:hover:bg-slate-800 transition-colors cursor-default shadow-sm"
          >
            <span
              class="typewriter-text typewriter-text--visible"
            >
              Playwright
            </span>
          </span>
          <span
            class="px-4 py-2 bg-slate-50 dark:bg-slate-900 border border-slate-200 dark:border-slate-800 rounded-lg text-sm font-medium hover:border-primary/50 hover:bg-slate-100 dark:hover:bg-slate-800 transition-colors cursor-default shadow-sm"
          >
            <span
              class="typewriter-text typewriter-text--visible"
            >
              Cypress
            </span>
          </span>
          <span
            class="px-4 py-2 bg-slate-50 dark:bg-slate-900 border border-slate-200 dark:border-slate-800 rounded-lg text-sm font-medium hover:border-primary/50 hover:bg-slate-100 dark:hover:bg-slate-800 transition-colors cursor-default shadow-sm"
          >
            <span
              class="typewriter-text typewriter-text--visible"
            >
              A/B Testing
            </span>
          </span>
          <span
            class="px-4 py-2 bg-slate-50 dark:bg-slate-900 border border-slate-200 dark:border-slate-800 rounded-lg text-sm font-medium hover:border-primary/50 hover:bg-slate-100 dark:hover:bg-slate-800 transition-colors cursor-default shadow-sm"
          >
            <span
              class="typewriter-text typewriter-text--visible"
            >
              Microsoft Azure
            </span>
          </span>
          <span
            class="px-4 py-2 bg-slate-50 dark:bg-slate-900 border border-slate-200 dark:border-slate-800 rounded-lg text-sm font-medium hover:border-primary/50 hover:bg-slate-100 dark:hover:bg-slate-800 transition-colors cursor-default shadow-sm"
          >
            <span
              class="typewriter-text typewriter-text--visible"
            >
              Azure DevOps
            </span>
          </span>
          <span
            class="px-4 py-2 bg-slate-50 dark:bg-slate-900 border border-slate-200 dark:border-slate-800 rounded-lg text-sm font-medium hover:border-primary/50 hover:bg-slate-100 dark:hover:bg-slate-800 transition-colors cursor-default shadow-sm"
          >
            <span
              class="typewriter-text typewriter-text--visible"
            >
              AWS
            </span>
          </span>
          <span
            class="px-4 py-2 bg-slate-50 dark:bg-slate-900 border border-slate-200 dark:border-slate-800 rounded-lg text-sm font-medium hover:border-primary/50 hover:bg-slate-100 dark:hover:bg-slate-800 transition-colors cursor-default shadow-sm"
          >
            <span
              class="typewriter-text typewriter-text--visible"
            >
              GCP
            </span>
          </span>
          <span
            class="px-4 py-2 bg-slate-50 dark:bg-slate-900 border border-slate-200 dark:border-slate-800 rounded-lg text-sm font-medium hover:border-primary/50 hover:bg-slate-100 dark:hover:bg-slate-800 transition-colors cursor-default shadow-sm"
          >
            <span
              class="typewriter-text typewriter-text--visible"
            >
              Docker
            </span>
          </span>
          <span
            class="px-4 py-2 bg-slate-50 dark:bg-slate-900 border border-slate-200 dark:border-slate-800 rounded-lg text-sm font-medium hover:border-primary/50 hover:bg-slate-100 dark:hover:bg-slate-800 transition-colors cursor-default shadow-sm"
          >
            <span
              class="typewriter-text typewriter-text--visible"
            >
              CI/CD (GitHub Actions, GitLab CI)
            </span>
          </span>
          <span
            class="px-4 py-2 bg-slate-50 dark:bg-slate-900 border border-slate-200 dark:border-slate-800 rounded-lg text-sm font-medium hover:border-primary/50 hover:bg-slate-100 dark:hover:bg-slate-800 transition-colors cursor-default shadow-sm"
          >
            <span
              class="typewriter-text typewriter-text--visible"
            >
              Vercel
            </span>
          </span>
          <span
            class="px-4 py-2 bg-slate-50 dark:bg-slate-900 border border-slate-200 dark:border-slate-800 rounded-lg text-sm font-medium hover:border-primary/50 hover:bg-slate-100 dark:hover:bg-slate-800 transition-colors cursor-default shadow-sm"
          >
            <span
              class="typewriter-text typewriter-text--visible"
            >
              Heroku
            </span>
          </span>
          <span
            class="px-4 py-2 bg-slate-50 dark:bg-slate-900 border border-slate-200 dark:border-slate-800 rounded-lg text-sm font-medium hover:border-primary/50 hover:bg-slate-100 dark:hover:bg-slate-800 transition-colors cursor-default shadow-sm"
          >
            <span
              class="typewriter-text typewriter-text--visible"
            >
              Sentry
            </span>
          </span>
          <span
            class="px-4 py-2 bg-slate-50 dark:bg-slate-900 border border-slate-200 dark:border-slate-800 rounded-lg text-sm font-medium hover:border-primary/50 hover:bg-slate-100 dark:hover:bg-slate-800 transition-colors cursor-default shadow-sm"
          >
            <span
              class="typewriter-text typewriter-text--visible"
            >
              Grafana
            </span>
          </span>
          <span
            class="px-4 py-2 bg-slate-50 dark:bg-slate-900 border border-slate-200 dark:border-slate-800 rounded-lg text-sm font-medium hover:border-primary/50 hover:bg-slate-100 dark:hover:bg-slate-800 transition-colors cursor-default shadow-sm"
          >
            <span
              class="typewriter-text typewriter-text--visible"
            >
              Datadog
            </span>
          </span>
          <span
            class="px-4 py-2 bg-slate-50 dark:bg-slate-900 border border-slate-200 dark:border-slate-800 rounded-lg text-sm font-medium hover:border-primary/50 hover:bg-slate-100 dark:hover:bg-slate-800 transition-colors cursor-default shadow-sm"
          >
            <span
              class="typewriter-text typewriter-text--visible"
            >
              PostgreSQL
            </span>
          </span>
          <span
            class="px-4 py-2 bg-slate-50 dark:bg-slate-900 border border-slate-200 dark:border-slate-800 rounded-lg text-sm font-medium hover:border-primary/50 hover:bg-slate-100 dark:hover:bg-slate-800 transition-colors cursor-default shadow-sm"
          >
            <span
              class="typewriter-text typewriter-text--visible"
            >
              MySQL
            </span>
          </span>
          <span
            class="px-4 py-2 bg-slate-50 dark:bg-slate-900 border border-slate-200 dark:border-slate-800 rounded-lg text-sm font-medium hover:border-primary/50 hover:bg-slate-100 dark:hover:bg-slate-800 transition-colors cursor-default shadow-sm"
          >
            <span
              class="typewriter-text typewriter-text--visible"
            >
              MongoDB
            </span>
          </span>
          <span
            class="px-4 py-2 bg-slate-50 dark:bg-slate-900 border border-slate-200 dark:border-slate-800 rounded-lg text-sm font-medium hover:border-primary/50 hover:bg-slate-100 dark:hover:bg-slate-800 transition-colors cursor-default shadow-sm"
          >
            <span
              class="typewriter-text typewriter-text--visible"
            >
              Supabase
            </span>
          </span>
          <span
            class="px-4 py-2 bg-slate-50 dark:bg-slate-900 border border-slate-200 dark:border-slate-800 rounded-lg text-sm font-medium hover:border-primary/50 hover:bg-slate-100 dark:hover:bg-slate-800 transition-colors cursor-default shadow-sm"
          >
            <span
              class="typewriter-text typewriter-text--visible"
            >
              Prisma
            </span>
          </span>
          <span
            class="px-4 py-2 bg-slate-50 dark:bg-slate-900 border border-slate-200 dark:border-slate-800 rounded-lg text-sm font-medium hover:border-primary/50 hover:bg-slate-100 dark:hover:bg-slate-800 transition-colors cursor-default shadow-sm"
          >
            <span
              class="typewriter-text typewriter-text--visible"
            >
              Drizzle
            </span>
          </span>
          <span
            class="px-4 py-2 bg-slate-50 dark:bg-slate-900 border border-slate-200 dark:border-slate-800 rounded-lg text-sm font-medium hover:border-primary/50 hover:bg-slate-100 dark:hover:bg-slate-800 transition-colors cursor-default shadow-sm"
          >
            <span
              class="typewriter-text typewriter-text--visible"
            >
              Zod
            </span>
          </span>
          <span
            class="px-4 py-2 bg-slate-50 dark:bg-slate-900 border border-slate-200 dark:border-slate-800 rounded-lg text-sm font-medium hover:border-primary/50 hover:bg-slate-100 dark:hover:bg-slate-800 transition-colors cursor-default shadow-sm"
          >
            <span
              class="typewriter-text typewriter-text--visible"
            >
              REST APIs
            </span>
          </span>
          <span
            class="px-4 py-2 bg-slate-50 dark:bg-slate-900 border border-slate-200 dark:border-slate-800 rounded-lg text-sm font-medium hover:border-primary/50 hover:bg-slate-100 dark:hover:bg-slate-800 transition-colors cursor-default shadow-sm"
          >
            <span
              class="typewriter-text typewriter-text--visible"
            >
              Microfrontends
            </span>
          </span>
          <span
            class="px-4 py-2 bg-slate-50 dark:bg-slate-900 border border-slate-200 dark:border-slate-800 rounded-lg text-sm font-medium hover:border-primary/50 hover:bg-slate-100 dark:hover:bg-slate-800 transition-colors cursor-default shadow-sm"
          >
            <span
              class="typewriter-text typewriter-text--visible"
            >
              WCAG
            </span>
          </span>
          <span
            class="px-4 py-2 bg-slate-50 dark:bg-slate-900 border border-slate-200 dark:border-slate-800 rounded-lg text-sm font-medium hover:border-primary/50 hover:bg-slate-100 dark:hover:bg-slate-800 transition-colors cursor-default shadow-sm"
          >
            <span
              class="typewriter-text typewriter-text--visible"
            >
              Core Web Vitals
            </span>
          </span>
          <span
            class="px-4 py-2 bg-slate-50 dark:bg-slate-900 border border-slate-200 dark:border-slate-800 rounded-lg text-sm font-medium hover:border-primary/50 hover:bg-slate-100 dark:hover:bg-slate-800 transition-colors cursor-default shadow-sm"
          >
            <span
              class="typewriter-text typewriter-text--visible"
            >
              Agile/Scrum
            </span>
          </span>
          <span
            class="px-4 py-2 bg-slate-50 dark:bg-slate-900 border border-slate-200 dark:border-slate-800 rounded-lg text-sm font-medium hover:border-primary/50 hover:bg-slate-100 dark:hover:bg-slate-800 transition-colors cursor-default shadow-sm"
          >
            <span
              class="typewriter-text typewriter-text--visible"
            >
              Code Review
            </span>
          </span>
          <span
            class="px-4 py-2 bg-slate-50 dark:bg-slate-900 border border-slate-200 dark:border-slate-800 rounded-lg text-sm font-medium hover:border-primary/50 hover:bg-slate-100 dark:hover:bg-slate-800 transition-colors cursor-default shadow-sm"
          >
            <span
              class="typewriter-text typewriter-text--visible"
            >
              Mentoring
            </span>
          </span>
          <span
            class="px-4 py-2 bg-slate-50 dark:bg-slate-900 border border-slate-200 dark:border-slate-800 rounded-lg text-sm font-medium hover:border-primary/50 hover:bg-slate-100 dark:hover:bg-slate-800 transition-colors cursor-default shadow-sm"
          >
            <span
              class="typewriter-text typewriter-text--visible"
            >
              AEM Frontend (HTL/Sightly)
            </span>
          </span>
          <span
            class="px-4 py-2 bg-slate-50 dark:bg-slate-900 border border-slate-200 dark:border-slate-800 rounded-lg text-sm font-medium hover:border-primary/50 hover:bg-slate-100 dark:hover:bg-slate-800 transition-colors cursor-default shadow-sm"
          >
            <span
              class="typewriter-text typewriter-text--visible"
            >
              AI-Augmented Development
            </span>
          </span>
        </div>
      </section>
    </div>
    <div
      class="scroll-animated-section w-full"
    >
      <section
        aria-label="Certifications"
        class="x-section relative py-4 md:py-6"
        id="certifications"
      >
        <div
          class="flex items-center gap-4 mb-4 md:mb-6"
        >
          <h2
            class="font-mono text-3xl font-bold tracking-tight text-slate-900 dark:text-slate-100 shrink-0"
          >
            Certifications
          </h2>
          <div
            class="h-px bg-slate-200 dark:bg-slate-800 flex-grow"
          />
        </div>
        <div
          class="skill-cloud flex flex-wrap gap-3"
        >
          <span
            class="px-4 py-2 bg-slate-50 dark:bg-slate-900 border border-slate-200 dark:border-slate-800 rounded-lg text-sm font-medium hover:border-primary/50 hover:bg-slate-100 dark:hover:bg-slate-800 transition-colors cursor-default shadow-sm"
          >
            <span
              class="typewriter-text typewriter-text--visible"
            >
              Google Agile Essentials – Coursera
            </span>
          </span>
          <span
            class="px-4 py-2 bg-slate-50 dark:bg-slate-900 border border-slate-200 dark:border-slate-800 rounded-lg text-sm font-medium hover:border-primary/50 hover:bg-slate-100 dark:hover:bg-slate-800 transition-colors cursor-default shadow-sm"
          >
            <span
              class="typewriter-text typewriter-text--visible"
            >
              Google AI Essentials – Credly
            </span>
          </span>
          <span
            class="px-4 py-2 bg-slate-50 dark:bg-slate-900 border border-slate-200 dark:border-slate-800 rounded-lg text-sm font-medium hover:border-primary/50 hover:bg-slate-100 dark:hover:bg-slate-800 transition-colors cursor-default shadow-sm"
          >
            <span
              class="typewriter-text typewriter-text--visible"
            >
              Datadog Foundation
            </span>
          </span>
        </div>
      </section>
    </div>
    <div
      class="scroll-animated-section w-full"
    >
      <section
        aria-label="Languages"
        class="x-section relative py-4 md:py-6"
        id="languages"
      >
        <div
          class="flex items-center gap-4 mb-4 md:mb-6"
        >
          <h2
            class="font-mono text-3xl font-bold tracking-tight text-slate-900 dark:text-slate-100 shrink-0"
          >
            Languages
          </h2>
          <div
            class="h-px bg-slate-200 dark:bg-slate-800 flex-grow"
          />
        </div>
        <div
          class="skill-cloud flex flex-wrap gap-3"
        >
          <span
            class="px-4 py-2 bg-slate-50 dark:bg-slate-900 border border-slate-200 dark:border-slate-800 rounded-lg text-sm font-medium hover:border-primary/50 hover:bg-slate-100 dark:hover:bg-slate-800 transition-colors cursor-default shadow-sm"
          >
            <span
              class="typewriter-text typewriter-text--visible"
            >
              English (Advanced/Fluent)
            </span>
          </span>
          <span
            class="px-4 py-2 bg-slate-50 dark:bg-slate-900 border border-slate-200 dark:border-slate-800 rounded-lg text-sm font-medium hover:border-primary/50 hover:bg-slate-100 dark:hover:bg-slate-800 transition-colors cursor-default shadow-sm"
          >
            <span
              class="typewriter-text typewriter-text--visible"
            >
              Portuguese (Native)
            </span>
          </span>
          <span
            class="px-4 py-2 bg-slate-50 dark:bg-slate-900 border border-slate-200 dark:border-slate-800 rounded-lg text-sm font-medium hover:border-primary/50 hover:bg-slate-100 dark:hover:bg-slate-800 transition-colors cursor-default shadow-sm"
          >
            <span
              class="typewriter-text typewriter-text--visible"
            >
              Spanish (Basic)
            </span>
          </span>
        </div>
      </section>
    </div>
    <div
      class="scroll-animated-section w-full"
    >
      <section
        aria-label="Causes"
        class="x-section relative py-4 md:py-6"
        id="causes"
      >
        <div
          class="flex items-center gap-4 mb-4 md:mb-6"
        >
          <h2
            class="font-mono text-3xl font-bold tracking-tight text-slate-900 dark:text-slate-100 shrink-0"
          >
            Causes
          </h2>
          <div
            class="h-px bg-slate-200 dark:bg-slate-800 flex-grow"
          />
        </div>
        <div
          class="skill-cloud flex flex-wrap gap-3"
        >
          <span
            class="px-4 py-2 bg-slate-50 dark:bg-slate-900 border border-slate-200 dark:border-slate-800 rounded-lg text-sm font-medium hover:border-primary/50 hover:bg-slate-100 dark:hover:bg-slate-800 transition-colors cursor-default shadow-sm"
          >
            <span
              class="typewriter-text typewriter-text--visible"
            >
              Poverty Alleviation
            </span>
          </span>
          <span
            class="px-4 py-2 bg-slate-50 dark:bg-slate-900 border border-slate-200 dark:border-slate-800 rounded-lg text-sm font-medium hover:border-primary/50 hover:bg-slate-100 dark:hover:bg-slate-800 transition-colors cursor-default shadow-sm"
          >
            <span
              class="typewriter-text typewriter-text--visible"
            >
              Science and Technology
            </span>
          </span>
          <span
            class="px-4 py-2 bg-slate-50 dark:bg-slate-900 border border-slate-200 dark:border-slate-800 rounded-lg text-sm font-medium hover:border-primary/50 hover:bg-slate-100 dark:hover:bg-slate-800 transition-colors cursor-default shadow-sm"
          >
            <span
              class="typewriter-text typewriter-text--visible"
            >
              Arts and Culture
            </span>
          </span>
          <span
            class="px-4 py-2 bg-slate-50 dark:bg-slate-900 border border-slate-200 dark:border-slate-800 rounded-lg text-sm font-medium hover:border-primary/50 hover:bg-slate-100 dark:hover:bg-slate-800 transition-colors cursor-default shadow-sm"
          >
            <span
              class="typewriter-text typewriter-text--visible"
            >
              Human Rights
            </span>
          </span>
          <span
            class="px-4 py-2 bg-slate-50 dark:bg-slate-900 border border-slate-200 dark:border-slate-800 rounded-lg text-sm font-medium hover:border-primary/50 hover:bg-slate-100 dark:hover:bg-slate-800 transition-colors cursor-default shadow-sm"
          >
            <span
              class="typewriter-text typewriter-text--visible"
            >
              Education
            </span>
          </span>
          <span
            class="px-4 py-2 bg-slate-50 dark:bg-slate-900 border border-slate-200 dark:border-slate-800 rounded-lg text-sm font-medium hover:border-primary/50 hover:bg-slate-100 dark:hover:bg-slate-800 transition-colors cursor-default shadow-sm"
          >
            <span
              class="typewriter-text typewriter-text--visible"
            >
              Environment
            </span>
          </span>
          <span
            class="px-4 py-2 bg-slate-50 dark:bg-slate-900 border border-slate-200 dark:border-slate-800 rounded-lg text-sm font-medium hover:border-primary/50 hover:bg-slate-100 dark:hover:bg-slate-800 transition-colors cursor-default shadow-sm"
          >
            <span
              class="typewriter-text typewriter-text--visible"
            >
              Health
            </span>
          </span>
          <span
            class="px-4 py-2 bg-slate-50 dark:bg-slate-900 border border-slate-200 dark:border-slate-800 rounded-lg text-sm font-medium hover:border-primary/50 hover:bg-slate-100 dark:hover:bg-slate-800 transition-colors cursor-default shadow-sm"
          >
            <span
              class="typewriter-text typewriter-text--visible"
            >
              Civil Rights and Social Action
            </span>
          </span>
        </div>
      </section>
    </div>
  </div>
</div>
`;
